[     346ms] [INFO] %cDownload the React DevTools for a better development experience: https://react.dev/link/react-devtools font-weight:bold @ http://localhost:5000/_next/static/chunks/node_modules_next_dist_f3530cac._.js:2297
[     466ms] [LOG] [HMR] connected @ http://localhost:5000/_next/static/chunks/node_modules_next_dist_f3530cac._.js:2297
[     634ms] [LOG] [GA] consent update → denied @ http://localhost:5000/_next/static/chunks/node_modules_next_dist_f3530cac._.js:2297
[     699ms] [LOG] [Fast Refresh] rebuilding @ http://localhost:5000/_next/static/chunks/node_modules_next_dist_f3530cac._.js:2297
[     756ms] [LOG] [Fast Refresh] done in 163ms @ http://localhost:5000/_next/static/chunks/node_modules_next_dist_f3530cac._.js:2297
[    3666ms] [WARNING] The resource http://localhost:5000/_next/image?url=%2F_next%2Fstatic%2Fmedia%2Frobot.d95c0a84.png&w=640&q=75 was preloaded using link preload but not used within a few seconds from the window's load event. Please make sure it has an appropriate `as` value and it is preloaded intentionally. @ http://localhost:5000/:0
[   22450ms] [LOG] [Fast Refresh] rebuilding @ http://localhost:5000/_next/static/chunks/node_modules_next_dist_f3530cac._.js:2297
[   22468ms] [LOG] [Fast Refresh] done in 119ms @ http://localhost:5000/_next/static/chunks/node_modules_next_dist_f3530cac._.js:2297
[   30625ms] [LOG] [Fast Refresh] rebuilding @ http://localhost:5000/_next/static/chunks/node_modules_next_dist_f3530cac._.js:2297
[   30626ms] [LOG] [Fast Refresh] done in 106ms @ http://localhost:5000/_next/static/chunks/node_modules_next_dist_f3530cac._.js:2297
[   32968ms] [WARNING] The resource http://localhost:5000/_next/image?url=%2F_next%2Fstatic%2Fmedia%2Frobot.d95c0a84.png&w=640&q=75 was preloaded using link preload but not used within a few seconds from the window's load event. Please make sure it has an appropriate `as` value and it is preloaded intentionally. @ http://localhost:5000/:0
[   48447ms] [LOG] [Fast Refresh] rebuilding @ http://localhost:5000/_next/static/chunks/node_modules_next_dist_f3530cac._.js:2297
[   48453ms] [WARNING] [Fast Refresh] performing full reload

Fast Refresh will perform a full reload when you edit a file that's imported by modules outside of the React rendering tree.
You might have a file which exports a React component but also exports a value that is imported by a non-React component file.
Consider migrating the non-React component export to a separate file and importing it into both files.

It is also possible the parent component of the component you edited is a class component, which disables Fast Refresh.
Fast Refresh requires at least one parent function component in your React tree. @ http://localhost:5000/_next/static/chunks/node_modules_next_dist_f3530cac._.js:2297
[   48465ms] [LOG] [Fast Refresh] done in 107ms @ http://localhost:5000/_next/static/chunks/node_modules_next_dist_f3530cac._.js:2297
[   48572ms] [LOG] [Fast Refresh] rebuilding @ http://localhost:5000/_next/static/chunks/node_modules_next_dist_f3530cac._.js:2297
[   48772ms] [LOG] [Fast Refresh] done in 303ms @ http://localhost:5000/_next/static/chunks/node_modules_next_dist_f3530cac._.js:2297
[   49038ms] [INFO] %cDownload the React DevTools for a better development experience: https://react.dev/link/react-devtools font-weight:bold @ http://localhost:5000/_next/static/chunks/node_modules_next_dist_f3530cac._.js:2297
[   49079ms] [LOG] [HMR] connected @ http://localhost:5000/_next/static/chunks/node_modules_next_dist_f3530cac._.js:2297
[   49172ms] [LOG] [GA] consent update → denied @ http://localhost:5000/_next/static/chunks/node_modules_next_dist_f3530cac._.js:2297
