[     246ms] [INFO] %cDownload the React DevTools for a better development experience: https://react.dev/link/react-devtools font-weight:bold @ http://localhost:5000/_next/static/chunks/node_modules_next_dist_f3530cac._.js:2297
[     359ms] [LOG] [HMR] connected @ http://localhost:5000/_next/static/chunks/node_modules_next_dist_f3530cac._.js:2297
[     509ms] [LOG] [GA] consent update → denied @ http://localhost:5000/_next/static/chunks/node_modules_next_dist_f3530cac._.js:2297
[     572ms] [LOG] [Fast Refresh] rebuilding @ http://localhost:5000/_next/static/chunks/node_modules_next_dist_f3530cac._.js:2297
[     589ms] [LOG] [Fast Refresh] done in 123ms @ http://localhost:5000/_next/static/chunks/node_modules_next_dist_f3530cac._.js:2297
[    3555ms] [WARNING] The resource http://localhost:5000/_next/image?url=%2F_next%2Fstatic%2Fmedia%2Frobot.d95c0a84.png&w=640&q=75 was preloaded using link preload but not used within a few seconds from the window's load event. Please make sure it has an appropriate `as` value and it is preloaded intentionally. @ http://localhost:5000/:0
[    5912ms] [LOG] [Fast Refresh] rebuilding @ http://localhost:5000/_next/static/chunks/node_modules_next_dist_f3530cac._.js:2297
[    5913ms] [LOG] [Fast Refresh] done in 108ms @ http://localhost:5000/_next/static/chunks/node_modules_next_dist_f3530cac._.js:2297
[   10915ms] [LOG] [Fast Refresh] rebuilding @ http://localhost:5000/_next/static/chunks/node_modules_next_dist_f3530cac._.js:2297
[   10916ms] [LOG] [Fast Refresh] done in 108ms @ http://localhost:5000/_next/static/chunks/node_modules_next_dist_f3530cac._.js:2297
[   13349ms] [WARNING] The resource http://localhost:5000/_next/image?url=%2F_next%2Fstatic%2Fmedia%2Frobot.d95c0a84.png&w=640&q=75 was preloaded using link preload but not used within a few seconds from the window's load event. Please make sure it has an appropriate `as` value and it is preloaded intentionally. @ http://localhost:5000/:0
[   33323ms] [WARNING] The resource http://localhost:5000/_next/image?url=%2F_next%2Fstatic%2Fmedia%2Frobot.d95c0a84.png&w=640&q=75 was preloaded using link preload but not used within a few seconds from the window's load event. Please make sure it has an appropriate `as` value and it is preloaded intentionally. @ http://localhost:5000/:0
[   73759ms] [LOG] [Fast Refresh] rebuilding @ http://localhost:5000/_next/static/chunks/node_modules_next_dist_f3530cac._.js:2297
[   73762ms] [WARNING] [Fast Refresh] performing full reload

Fast Refresh will perform a full reload when you edit a file that's imported by modules outside of the React rendering tree.
You might have a file which exports a React component but also exports a value that is imported by a non-React component file.
Consider migrating the non-React component export to a separate file and importing it into both files.

It is also possible the parent component of the component you edited is a class component, which disables Fast Refresh.
Fast Refresh requires at least one parent function component in your React tree. @ http://localhost:5000/_next/static/chunks/node_modules_next_dist_f3530cac._.js:2297
[   73876ms] [LOG] [Fast Refresh] done in 97ms @ http://localhost:5000/_next/static/chunks/node_modules_next_dist_f3530cac._.js:2297
[   74081ms] [INFO] %cDownload the React DevTools for a better development experience: https://react.dev/link/react-devtools font-weight:bold @ http://localhost:5000/_next/static/chunks/node_modules_next_dist_f3530cac._.js:2297
[   74117ms] [LOG] [HMR] connected @ http://localhost:5000/_next/static/chunks/node_modules_next_dist_f3530cac._.js:2297
[   74223ms] [LOG] [GA] consent update → denied @ http://localhost:5000/_next/static/chunks/node_modules_next_dist_f3530cac._.js:2297
